../Core/Src/main.c:100:5:main	8	static
../Core/Src/main.c:171:6:SystemClock_Config	88	static
../Core/Src/main.c:219:13:MX_TIM2_Init	32	static
../Core/Src/main.c:264:13:MX_TIM3_Init	64	static
../Core/Src/main.c:323:13:MX_USART2_UART_Init	8	static
../Core/Src/main.c:356:13:MX_GPIO_Init	48	static
../Core/Src/main.c:420:6:change_button_mode	4	static
../Core/Src/main.c:466:6:update_fault_led	8	static
../Core/Src/main.c:496:6:update_PWM_led	4	static
../Core/Src/main.c:554:6:update_status_led	8	static
../Core/Src/main.c:595:6:status_double_blink	8	static
../Core/Src/main.c:634:6:Toggle_Status_Led	16	static
../Core/Src/main.c:646:6:HAL_GPIO_EXTI_Callback	16	static
../Core/Src/main.c:678:6:HAL_TIM_PeriodElapsedCallback	16	static
../Core/Src/main.c:691:6:Error_Handler	4	static,ignoring_inline_asm
